gcc -Wall -g -fsanitize=address -c src/execute.c -o obj/execute.o
In file included from src/../headers/execute.h:3,
                 from src/execute.c:1:
src/../headers/headers.h:8:19: warning: extra tokens at end of #include directive
    8 | #include <fcntl.h>s
      |                   ^
src/execute.c: In function ‘execute_pipeline’:
src/execute.c:114:57: warning: passing argument 3 of ‘add_job’ from incompatible pointer type [-Wincompatible-pointer-types]
  114 |         job = add_job(pg_leader, curr_pipeline->buffer, curr_pipeline);
      |                                                         ^~~~~~~~~~~~~
      |                                                         |
      |                                                         pipeline * {aka struct pipeline_inter *}
In file included from src/../headers/internalfuncs.h:5,
                 from src/execute.c:3:
src/../headers/proc.h:35:71: note: expected ‘struct pipeline *’ but argument is of type ‘pipeline *’ {aka ‘struct pipeline_inter *’}
   35 | job_t* add_job(pid_t pgid, const char* command_line, struct pipeline* p);
      |                                                      ~~~~~~~~~~~~~~~~~^
src/execute.c:146:69: warning: passing argument 3 of ‘add_job’ from incompatible pointer type [-Wincompatible-pointer-types]
  146 |                     job = add_job(pg_leader, curr_pipeline->buffer, curr_pipeline);
      |                                                                     ^~~~~~~~~~~~~
      |                                                                     |
      |                                                                     pipeline * {aka struct pipeline_inter *}
src/../headers/proc.h:35:71: note: expected ‘struct pipeline *’ but argument is of type ‘pipeline *’ {aka ‘struct pipeline_inter *’}
   35 | job_t* add_job(pid_t pgid, const char* command_line, struct pipeline* p);
      |                                                      ~~~~~~~~~~~~~~~~~^
src/execute.c: In function ‘execute_single_command’:
src/execute.c:210:55: warning: passing argument 3 of ‘add_job’ from incompatible pointer type [-Wincompatible-pointer-types]
  210 |             job = add_job(pid, curr_pipeline->buffer, curr_pipeline);
      |                                                       ^~~~~~~~~~~~~
      |                                                       |
      |                                                       pipeline * {aka struct pipeline_inter *}
src/../headers/proc.h:35:71: note: expected ‘struct pipeline *’ but argument is of type ‘pipeline *’ {aka ‘struct pipeline_inter *’}
   35 | job_t* add_job(pid_t pgid, const char* command_line, struct pipeline* p);
      |                                                      ~~~~~~~~~~~~~~~~~^
src/execute.c:235:67: warning: passing argument 3 of ‘add_job’ from incompatible pointer type [-Wincompatible-pointer-types]
  235 |                         job = add_job(pid, curr_pipeline->buffer, curr_pipeline);
      |                                                                   ^~~~~~~~~~~~~
      |                                                                   |
      |                                                                   pipeline * {aka struct pipeline_inter *}
src/../headers/proc.h:35:71: note: expected ‘struct pipeline *’ but argument is of type ‘pipeline *’ {aka ‘struct pipeline_inter *’}
   35 | job_t* add_job(pid_t pgid, const char* command_line, struct pipeline* p);
      |                                                      ~~~~~~~~~~~~~~~~~^
src/../headers/internalfuncs.h: At top level:
src/../headers/internalfuncs.h:31:22: warning: ‘internals’ defined but not used [-Wunused-variable]
   31 | static internal_pair internals[] = {
      |                      ^~~~~~~~~
In file included from src/../headers/execute.h:4:
src/../headers/pipelines.h:27:13: warning: ‘free_pipeline_mem’ defined but not used [-Wunused-function]
   27 | static void free_pipeline_mem(pipeline* p) {
      |             ^~~~~~~~~~~~~~~~~
gcc -Wall -g -fsanitize=address -c src/input.c -o obj/input.o
In file included from src/../headers/input.h:3,
                 from src/input.c:1:
src/../headers/headers.h:8:19: warning: extra tokens at end of #include directive
    8 | #include <fcntl.h>s
      |                   ^
In file included from src/../headers/input.h:4:
src/../headers/internalfuncs.h:31:22: warning: ‘internals’ defined but not used [-Wunused-variable]
   31 | static internal_pair internals[] = {
      |                      ^~~~~~~~~
In file included from src/../headers/parser.h:6,
                 from src/../headers/internalfuncs.h:6:
src/../headers/pipelines.h:27:13: warning: ‘free_pipeline_mem’ defined but not used [-Wunused-function]
   27 | static void free_pipeline_mem(pipeline* p) {
      |             ^~~~~~~~~~~~~~~~~
gcc -Wall -g -fsanitize=address -c src/internalfuncs.c -o obj/internalfuncs.o
In file included from src/../headers/internalfuncs.h:3,
                 from src/internalfuncs.c:1:
src/../headers/headers.h:8:19: warning: extra tokens at end of #include directive
    8 | #include <fcntl.h>s
      |                   ^
src/internalfuncs.c: In function ‘internal_echo’:
src/internalfuncs.c:23:13: warning: unused variable ‘size’ [-Wunused-variable]
   23 |         int size = snprintf(buffer, BUFFER_SIZE, "%s ", cmd->argv[i]);
      |             ^~~~
src/internalfuncs.c:26:9: warning: unused variable ‘size’ [-Wunused-variable]
   26 |     int size = snprintf(buffer, BUFFER_SIZE, "\n");
      |         ^~~~
src/internalfuncs.c: In function ‘internal_fg’:
src/internalfuncs.c:213:20: warning: passing argument 1 of ‘remove_job’ makes integer from pointer without a cast [-Wint-conversion]
  213 |         remove_job(job);
      |                    ^~~
      |                    |
      |                    job_t * {aka struct job *}
In file included from src/../headers/internalfuncs.h:5:
src/../headers/proc.h:43:21: note: expected ‘int’ but argument is of type ‘job_t *’ {aka ‘struct job *’}
   43 | void remove_job(int job_id);
      |                 ~~~~^~~~~~
src/internalfuncs.c: At top level:
src/internalfuncs.c:316:28: warning: duplicate ‘const’ declaration specifier [-Wduplicate-decl-specifier]
  316 | void internal_export(const const command* cmd) {
      |                            ^~~~~
src/internalfuncs.c:339:27: warning: duplicate ‘const’ declaration specifier [-Wduplicate-decl-specifier]
  339 | void internal_unset(const const command* cmd) {
      |                           ^~~~~
src/internalfuncs.c: In function ‘internal_unset’:
src/internalfuncs.c:347:19: warning: passing argument 1 of ‘unset_var’ discards ‘const’ qualifier from pointer target type [-Wdiscarded-qualifiers]
  347 |         unset_var(name);
      |                   ^~~~
In file included from src/../headers/internalfuncs.h:7:
src/../headers/variables.h:23:22: note: expected ‘char *’ but argument is of type ‘const char *’
   23 | void unset_var(char* name);
      |                ~~~~~~^~~~
In file included from src/../headers/parser.h:6,
                 from src/../headers/internalfuncs.h:6:
src/../headers/pipelines.h: At top level:
src/../headers/pipelines.h:27:13: warning: ‘free_pipeline_mem’ defined but not used [-Wunused-function]
   27 | static void free_pipeline_mem(pipeline* p) {
      |             ^~~~~~~~~~~~~~~~~
gcc -Wall -g -fsanitize=address -c src/parser.c -o obj/parser.o
In file included from src/../headers/parser.h:3,
                 from src/parser.c:1:
src/../headers/headers.h:8:19: warning: extra tokens at end of #include directive
    8 | #include <fcntl.h>s
      |                   ^
src/parser.c: In function ‘parse_cmd’:
src/parser.c:136:13: warning: implicit declaration of function ‘get_var’; did you mean ‘getchar’? [-Wimplicit-function-declaration]
  136 |             get_var("VAR");
      |             ^~~~~~~
      |             getchar
src/parser.c:137:23: warning: initialization of ‘char *’ from ‘int’ makes pointer from integer without a cast [-Wint-conversion]
  137 |             char *v = get_var("VAR");
      |                       ^~~~~~~
src/parser.c:142:23: warning: assignment to ‘char *’ from ‘int’ makes pointer from integer without a cast [-Wint-conversion]
  142 |             tokens[i] = get_var(temp + 1);
      |                       ^
src/parser.c:149:17: warning: unused variable ‘size’ [-Wunused-variable]
  149 |             int size = snprintf(buffer, BUFFER_SIZE, "--%s--", tokens[i]);
      |                 ^~~~
gcc -Wall -g -fsanitize=address -c src/proc.c -o obj/proc.o
In file included from src/../headers/proc.h:3,
                 from src/proc.c:1:
src/../headers/headers.h:8:19: warning: extra tokens at end of #include directive
    8 | #include <fcntl.h>s
      |                   ^
src/proc.c: In function ‘get_pgid_of_process’:
src/proc.c:14:1: warning: control reaches end of non-void function [-Wreturn-type]
   14 | }
      | ^
gcc -Wall -g -fsanitize=address -c src/shell.c -o obj/shell.o
In file included from src/shell.c:1:
src/../headers/headers.h:8:19: warning: extra tokens at end of #include directive
    8 | #include <fcntl.h>s
      |                   ^
src/shell.c:7:16: warning: ‘command_default’ initialized and declared ‘extern’
    7 | extern command command_default = {0, NULL, NULL, NULL, 0, 0};
      |                ^~~~~~~~~~~~~~~
src/shell.c:7:34: warning: missing braces around initializer [-Wmissing-braces]
    7 | extern command command_default = {0, NULL, NULL, NULL, 0, 0};
      |                                  ^
src/shell.c:8:17: warning: ‘pipeline_default’ initialized and declared ‘extern’
    8 | extern pipeline pipeline_default = {0, NULL, 0};
      |                 ^~~~~~~~~~~~~~~~
src/shell.c:8:36: warning: missing braces around initializer [-Wmissing-braces]
    8 | extern pipeline pipeline_default = {0, NULL, 0};
      |                                    ^
src/shell.c: In function ‘main’:
src/shell.c:54:13: warning: implicit declaration of function ‘execute_single_command’ [-Wimplicit-function-declaration]
   54 |             execute_single_command(curr_pipeline);
      |             ^~~~~~~~~~~~~~~~~~~~~~
src/shell.c:56:13: warning: implicit declaration of function ‘execute_pipeline’ [-Wimplicit-function-declaration]
   56 |             execute_pipeline(curr_pipeline);
      |             ^~~~~~~~~~~~~~~~
In file included from src/shell.c:3:
src/../headers/input.h: At top level:
src/../headers/input.h:14:23: warning: ‘orig_termios’ defined but not used [-Wunused-variable]
   14 | static struct termios orig_termios;
      |                       ^~~~~~~~~~~~
In file included from src/../headers/input.h:4:
src/../headers/internalfuncs.h:31:22: warning: ‘internals’ defined but not used [-Wunused-variable]
   31 | static internal_pair internals[] = {
      |                      ^~~~~~~~~
gcc -Wall -g -fsanitize=address -c src/variables.c -o obj/variables.o
In file included from src/../headers/variables.h:3,
                 from src/variables.c:1:
src/../headers/headers.h:8:19: warning: extra tokens at end of #include directive
    8 | #include <fcntl.h>s
      |                   ^
gcc -Wall -g -fsanitize=address -o shell obj/execute.o obj/input.o obj/internalfuncs.o obj/parser.o obj/proc.o obj/shell.o obj/variables.o
